// Jest Snapshot v1, https://goo.gl/fbAQLP

exports[`testing BUtton should render atom 1`] = `
<button
  className="button"
  data-modifier="hallow"
  disabled={false}
  onClick={[MockFunction]}
  type="button"
>
  Some Label
</button>
`;
